 // the original radial mapping, described in figure "radial map.png" has the following data.
> l<-2
  n<-15
  r<-5
> rtm
 [1] 0.02631579 0.10389610 0.23076923 0.40506329 0.62500000 0.88888889
 [7] 1.19512195 1.54216867 1.92857143 2.35294118 2.81395349 3.31034483
[13] 3.84090909 4.40449438 5.00000000
> Ntm
 [1]  12.56637  22.53748  41.57444  67.87197 101.47860 142.58131 191.39481
 [8] 248.14054 313.04076 386.31642 468.18624 558.86633 658.56998 767.50760
[15] 885.88663
> 
> p<-2
> rtm<-i*l/((N/i)**p*(l*N/r-1)+1)
> rtm
 [1] 0.001776199 0.014171833 0.047619048 0.112182296 0.217391304 0.372093023
 [7] 0.584327087 0.861227923 1.208955224 1.632653061 2.136436597 2.723404255
[13] 3.395672334 4.154428463 5.000000000
> Ntm<-4*pi/(1- (i-1)/i*((N/i)**p*(N*l/r-1)+1)/ ( (N/(i-1))**p*(N*l/r-1)  +1)  )**2
> Ntm
 [1]  12.56637  16.42572  25.47132  37.93916  53.65230  72.69803  95.25586
 [8] 121.56192 151.89823 186.58863 225.99662 270.52396 320.60954 376.72809
[15] 439.38898

> rson<-i*l/(N-i+l*N/r)
> Nson<-4*pi*/( 1-(i-1)/i*(N-i+l*N/r)/(N-i+1+l*N/r) )**2
Error: unexpected '/' in "Nson<-4*pi*/"
> Nson<-4*pi/( 1-(i-1)/i*(N-i+l*N/r)/(N-i+1+l*N/r) )**2
> rson
 [1] 0.1000000 0.2105263 0.3333333 0.4705882 0.6250000 0.8000000 1.0000000
 [8] 1.2307692 1.5000000 1.8181818 2.2000000 2.6666667 3.2500000 4.0000000
[15] 5.0000000
> Nson
 [1]  12.56637  45.59227  92.58081 147.71897 205.87761 262.61150 314.15927
 [8] 357.44343 390.07040 410.33047 417.19781 410.33047 390.07040 357.44343
[15] 314.15927


plot:

set xlabel "i"
set ylabel "radius [bohr]"
set y2label "N"
 p "ooo" index 0 u 1:2 w i lt 1 lw 5 axis x1y1 t "son", "ooo" index 0 u 1:($3) lt 1 w boxes axis x1y2 t "son", "ooo" index 1 u 1:2 lt 2 lw 3 w i axis x1y1 t "tm, p=1", "ooo" index 1 u 1:($3) lt 2 w boxes axis x1y2 t "tm, p=1", "ooo" index 2 u 1:2 w i lt 3 axis x1y1 t "tm, p=2", "ooo" index 2 u 1:($3) lt 3 w boxes axis x1y2 t "tm, p=2"

